// Jest Snapshot v1, https://goo.gl/fbAQLP

exports[`renders correctly 1`] = `
<footer>
  <div
    className="container"
  >
    <div
      className="logo"
    >
      <img
        alt="logo"
        src="./images/logo.png"
      />
    </div>
    <div
      dangerouslySetInnerHTML={
        Object {
          "__html": undefined,
        }
      }
    />
  </div>
</footer>
`;
